INFO-
INFO-		Unigraphics Version NX V10.0 to AutoCAD (version unknown)
INFO-		
INFO-
INFO-		Running UGTODXF Translator .....
INFO-
INFO-		Start of Translation: Sun Jul 05 20:36:13 2026
INFO-
STATUS-		Converting C:\Users\Hi\AppData\Local\Temp\Hi4848C266pjmu.prt
STATUS-
SUMMARY-
SUMMARY-	Summary of Unigraphics Input Entities
SUMMARY-	For Unigraphics File: C:\Users\Hi\AppData\Local\Temp\Hi4848C266pjmu.prt
SUMMARY-	------------------------------------------------------------------
SUMMARY-	Entity Type					Count
SUMMARY-	------------------------------------------------------------------
SUMMARY-	Line .....................................:	11
SUMMARY-	Arc ......................................:	4
SUMMARY-	Circle ......................................:	2
SUMMARY-	------------------------------------------------------------------
SUMMARY-	Total ....................................:	17
SUMMARY-	------------------------------------------------------------------
SUMMARY-
STATUS-
INFO-
INFO-		Writing File: C:\Users\Hi\Desktop\Робокросс_2026\Передний узел\Подвеска передняя\крепление аморта.dxf
SUMMARY-	Summary of AutoCAD Output Entities
SUMMARY-	------------------------------------------------------------------
SUMMARY-	Entity Type					Count
SUMMARY-	------------------------------------------------------------------
SUMMARY-	Arc ......................................:	4
SUMMARY-	Circle ...................................:	2
SUMMARY-	Line .....................................:	11
SUMMARY-	Layout ...................................:	6
SUMMARY-	------------------------------------------------------------------
SUMMARY-	Total ....................................:	23
SUMMARY-	------------------------------------------------------------------
SUMMARY-
INFO-
INFO-		End of Translation: Sun Jul 05 20:36:14 2026
INFO-		Translation CPU time: 0 m, 0 sINFO-
