INFO-
INFO-		Unigraphics Version NX V10.0 to AutoCAD 2004
INFO-		
INFO-
INFO-		Running UGTODXF Translator .....
INFO-
INFO-		Start of Translation: Wed May 13 19:44:27 2026
INFO-
STATUS-		Converting C:\Users\danvl\AppData\Local\Temp\danv647C84A5zibs.prt
STATUS-
SUMMARY-
SUMMARY-	Summary of Unigraphics Input Entities
SUMMARY-	For Unigraphics File: C:\Users\danvl\AppData\Local\Temp\danv647C84A5zibs.prt
SUMMARY-	------------------------------------------------------------------
SUMMARY-	Entity Type					Count
SUMMARY-	------------------------------------------------------------------
SUMMARY-	Line .....................................:	18
SUMMARY-	Arc ......................................:	6
SUMMARY-	------------------------------------------------------------------
SUMMARY-	Total ....................................:	24
SUMMARY-	------------------------------------------------------------------
SUMMARY-
STATUS-
INFO-
INFO-		Writing File: C:\Users\danvl\Desktop\Робокросс_2026\Передний узел\Подвеска передняя\Крепление_амортизатора.dxf
SUMMARY-	Summary of AutoCAD Output Entities
SUMMARY-	------------------------------------------------------------------
SUMMARY-	Entity Type					Count
SUMMARY-	------------------------------------------------------------------
SUMMARY-	Arc ......................................:	6
SUMMARY-	Line .....................................:	18
SUMMARY-	Layout ...................................:	6
SUMMARY-	------------------------------------------------------------------
SUMMARY-	Total ....................................:	30
SUMMARY-	------------------------------------------------------------------
SUMMARY-
INFO-
INFO-		End of Translation: Wed May 13 19:44:27 2026
INFO-		Translation CPU time: 0 m, 0 sINFO-
