INFO-
INFO-		Unigraphics Version NX V10.0 to AutoCAD 2004
INFO-		
INFO-
INFO-		Running UGTODXF Translator .....
INFO-
INFO-		Start of Translation: Wed May 13 19:49:29 2026
INFO-
STATUS-		Converting C:\Users\danvl\AppData\Local\Temp\danv647C84A5zic7.prt
STATUS-
SUMMARY-
SUMMARY-	Summary of Unigraphics Input Entities
SUMMARY-	For Unigraphics File: C:\Users\danvl\AppData\Local\Temp\danv647C84A5zic7.prt
SUMMARY-	------------------------------------------------------------------
SUMMARY-	Entity Type					Count
SUMMARY-	------------------------------------------------------------------
SUMMARY-	Line .....................................:	11
SUMMARY-	Arc ......................................:	15
SUMMARY-	Circle ......................................:	2
SUMMARY-	------------------------------------------------------------------
SUMMARY-	Total ....................................:	28
SUMMARY-	------------------------------------------------------------------
SUMMARY-
STATUS-
INFO-
INFO-		Writing File: C:\Users\danvl\Desktop\Робокросс_2026\Задний узел\Задний мост\Крепление нижнее.dxf
SUMMARY-	Summary of AutoCAD Output Entities
SUMMARY-	------------------------------------------------------------------
SUMMARY-	Entity Type					Count
SUMMARY-	------------------------------------------------------------------
SUMMARY-	Arc ......................................:	15
SUMMARY-	Circle ...................................:	2
SUMMARY-	Line .....................................:	11
SUMMARY-	Layout ...................................:	6
SUMMARY-	------------------------------------------------------------------
SUMMARY-	Total ....................................:	34
SUMMARY-	------------------------------------------------------------------
SUMMARY-
INFO-
INFO-		End of Translation: Wed May 13 19:49:29 2026
INFO-		Translation CPU time: 0 m, 0 sINFO-
