INFO-
INFO-		Unigraphics Version NX V10.0 to AutoCAD (version unknown)
INFO-		
INFO-
INFO-		Running UGTODXF Translator .....
INFO-
INFO-		Start of Translation: Sun Jul 05 20:40:04 2026
INFO-
STATUS-		Converting C:\Users\Hi\AppData\Local\Temp\Hi5F58A76Bpkrp.prt
STATUS-
SUMMARY-
SUMMARY-	Summary of Unigraphics Input Entities
SUMMARY-	For Unigraphics File: C:\Users\Hi\AppData\Local\Temp\Hi5F58A76Bpkrp.prt
SUMMARY-	------------------------------------------------------------------
SUMMARY-	Entity Type					Count
SUMMARY-	------------------------------------------------------------------
SUMMARY-	Line .....................................:	11
SUMMARY-	Arc ......................................:	4
SUMMARY-	Circle ......................................:	2
SUMMARY-	------------------------------------------------------------------
SUMMARY-	Total ....................................:	17
SUMMARY-	------------------------------------------------------------------
SUMMARY-
STATUS-
INFO-
INFO-		Writing File: C:\Users\Hi\Desktop\Робокросс_2026\Задний узел\Задний мост\крепление аморта.dxf
SUMMARY-	Summary of AutoCAD Output Entities
SUMMARY-	------------------------------------------------------------------
SUMMARY-	Entity Type					Count
SUMMARY-	------------------------------------------------------------------
SUMMARY-	Arc ......................................:	4
SUMMARY-	Circle ...................................:	2
SUMMARY-	Line .....................................:	11
SUMMARY-	Layout ...................................:	6
SUMMARY-	------------------------------------------------------------------
SUMMARY-	Total ....................................:	23
SUMMARY-	------------------------------------------------------------------
SUMMARY-
INFO-
INFO-		End of Translation: Sun Jul 05 20:40:04 2026
INFO-		Translation CPU time: 0 m, 1 sINFO-
